date: 2024- 2-14
time: 10.25